node:internal/modules/cjs/loader:1459
  throw err;
  ^

Error: Cannot find module 'walk-up-path'
Require stack:
- C:\Program Files\nodejs\node_modules\npm\node_modules\@npmcli\config\lib\index.js
- C:\Program Files\nodejs\node_modules\npm\bin\npm-prefix.js
    at Module._resolveFilename (node:internal/modules/cjs/loader:1456:15)
    at defaultResolveImpl (node:internal/modules/cjs/loader:1066:19)
    at resolveForCJSWithHooks (node:internal/modules/cjs/loader:1071:22)
    at Module._load (node:internal/modules/cjs/loader:1242:25)
    at wrapModuleLoad (node:internal/modules/cjs/loader:255:19)
    at Module.require (node:internal/modules/cjs/loader:1556:12)
    at require (node:internal/modules/helpers:152:16)
    at Object.<anonymous> (C:\Program Files\nodejs\node_modules\npm\node_modules\@npmcli\config\lib\index.js:2:20)
    at Module._compile (node:internal/modules/cjs/loader:1812:14)
    at Object..js (node:internal/modules/cjs/loader:1943:10) {
  code: 'MODULE_NOT_FOUND',
  requireStack: [
    'C:\\Program Files\\nodejs\\node_modules\\npm\\node_modules\\@npmcli\\config\\lib\\index.js',
    'C:\\Program Files\\nodejs\\node_modules\\npm\\bin\\npm-prefix.js'
  ]
}

Node.js v24.14.1
C:\Program Files\nodejs\node_modules\npm\lib\cli\validate-engines.js:29
    throw err
    ^

Error: Cannot find module 'semver/functions/satisfies'
Require stack:
- C:\Program Files\nodejs\node_modules\npm\lib\cli\entry.js
- C:\Program Files\nodejs\node_modules\npm\lib\cli.js
- C:\Program Files\nodejs\node_modules\npm\bin\npm-cli.js
    at Module._resolveFilename (node:internal/modules/cjs/loader:1456:15)
    at defaultResolveImpl (node:internal/modules/cjs/loader:1066:19)
    at resolveForCJSWithHooks (node:internal/modules/cjs/loader:1071:22)
    at Module._load (node:internal/modules/cjs/loader:1242:25)
    at wrapModuleLoad (node:internal/modules/cjs/loader:255:19)
    at Module.require (node:internal/modules/cjs/loader:1556:12)
    at require (node:internal/modules/helpers:152:16)
    at module.exports (C:\Program Files\nodejs\node_modules\npm\lib\cli\entry.js:10:21)
    at module.exports (C:\Program Files\nodejs\node_modules\npm\lib\cli\validate-engines.js:37:10)
    at module.exports (C:\Program Files\nodejs\node_modules\npm\lib\cli.js:12:31) {
  code: 'MODULE_NOT_FOUND',
  requireStack: [
    'C:\\Program Files\\nodejs\\node_modules\\npm\\lib\\cli\\entry.js',
    'C:\\Program Files\\nodejs\\node_modules\\npm\\lib\\cli.js',
    'C:\\Program Files\\nodejs\\node_modules\\npm\\bin\\npm-cli.js'
  ]
}

Node.js v24.14.1
